[    0.000000] Initializing cgroup subsys cpuset
[    0.000000] Initializing cgroup subsys cpu
[    0.000000] Initializing cgroup subsys cpuacct
[    0.000000] Linux version 4.4.0-103-generic (buildd@lcy01-amd64-001) (gcc version 5.4.0 20160609 (Ubuntu 5.4.0-6ubuntu1~16.04.5) ) #126-Ubuntu SMP Mon Dec 4 16:23:28 UTC 2017 (Ubuntu 4.4.0-103.126-generic 4.4.98)
[    0.000000] Command line: BOOT_IMAGE=/boot/vmlinuz-4.4.0-103-generic root=LABEL=cloudimg-rootfs ro console=tty1 console=ttyS0
[    0.000000] KERNEL supported cpus:
[    0.000000]   Intel GenuineIntel
[    0.000000]   AMD AuthenticAMD
[    0.000000]   Centaur CentaurHauls
[    0.000000] ------------[ cut here ]------------
[    0.000000] WARNING: CPU: 0 PID: 0 at /build/linux-yM3O3R/linux-4.4.0/arch/x86/kernel/fpu/xstate.c:517 fpu__init_system_xstate+0x38b/0x75a()
[    0.000000] XSAVE consistency problem, dumping leaves
[    0.000000] Modules linked in:
[    0.000000] CPU: 0 PID: 0 Comm: swapper Not tainted 4.4.0-103-generic #126-Ubuntu
[    0.000000]  0000000000000086 99a7e3e0aaaf325f ffffffff81e03d80 ffffffff813fb523
[    0.000000]  ffffffff81e03dc8 ffffffff81caaa28 ffffffff81e03db8 ffffffff810812e2
[    0.000000]  ffffffff81e03e48 ffffffff81e03e4c 0000000000000008 0000000000000100
[    0.000000] Call Trace:
[    0.000000]  [<ffffffff813fb523>] dump_stack+0x63/0x90
[    0.000000]  [<ffffffff810812e2>] warn_slowpath_common+0x82/0xc0
[    0.000000]  [<ffffffff8108137c>] warn_slowpath_fmt+0x5c/0x80
[    0.000000]  [<ffffffff8107cff0>] ? xfeature_size+0x59/0x77
[    0.000000]  [<ffffffff81f6d20b>] fpu__init_system_xstate+0x38b/0x75a
[    0.000000]  [<ffffffff81f5d120>] ? early_idt_handler_array+0x120/0x120
[    0.000000]  [<ffffffff81f6cb76>] fpu__init_system+0x10d/0x245
[    0.000000]  [<ffffffff81f6dc7f>] early_cpu_init+0x139/0x13e
[    0.000000]  [<ffffffff81f6dc7f>] ? early_cpu_init+0x139/0x13e
[    0.000000]  [<ffffffff81f69181>] setup_arch+0xb4/0xcf6
[    0.000000]  [<ffffffff81f5d120>] ? early_idt_handler_array+0x120/0x120
[    0.000000]  [<ffffffff81f5dc74>] start_kernel+0xe4/0x4a2
[    0.000000]  [<ffffffff81f5d120>] ? early_idt_handler_array+0x120/0x120
[    0.000000]  [<ffffffff81f5d339>] x86_64_start_reservations+0x2a/0x2c
[    0.000000]  [<ffffffff81f5d485>] x86_64_start_kernel+0x14a/0x16d
[    0.000000] ---[ end trace 4d5ff9f2f68c4233 ]---
[    0.000000] CPUID[0d, 00]: eax=00000007 ebx=00000440 ecx=00000440 edx=00000000
[    0.000000] CPUID[0d, 01]: eax=00000000 ebx=000003c0 ecx=00000000 edx=00000000
[    0.000000] CPUID[0d, 02]: eax=00000100 ebx=00000240 ecx=00000000 edx=00000000
[    0.000000] CPUID[0d, 03]: eax=00000000 ebx=00000000 ecx=00000000 edx=00000000
[    0.000000] CPUID[0d, 04]: eax=00000000 ebx=00000000 ecx=00000000 edx=00000000
[    0.000000] CPUID[0d, 05]: eax=00000000 ebx=00000000 ecx=00000000 edx=00000000
[    0.000000] CPUID[0d, 06]: eax=00000000 ebx=00000000 ecx=00000000 edx=00000000
[    0.000000] CPUID[0d, 07]: eax=00000000 ebx=00000000 ecx=00000000 edx=00000000
[    0.000000] CPUID[0d, 08]: eax=00000000 ebx=00000000 ecx=00000000 edx=00000000
[    0.000000] CPUID[0d, 09]: eax=00000000 ebx=00000000 ecx=00000000 edx=00000000
[    0.000000] CPUID[0d, 0a]: eax=00000000 ebx=00000000 ecx=00000000 edx=00000000
[    0.000000] CPUID[0d, 0b]: eax=00000000 ebx=00000000 ecx=00000000 edx=00000000
[    0.000000] CPUID[0d, 0c]: eax=00000000 ebx=00000000 ecx=00000000 edx=00000000
[    0.000000] CPUID[0d, 0d]: eax=00000000 ebx=00000000 ecx=00000000 edx=00000000
[    0.000000] CPUID[0d, 0e]: eax=00000000 ebx=00000000 ecx=00000000 edx=00000000
[    0.000000] CPUID[0d, 0f]: eax=00000000 ebx=00000000 ecx=00000000 edx=00000000
[    0.000000] CPUID[0d, 10]: eax=00000000 ebx=00000000 ecx=00000000 edx=00000000
[    0.000000] CPUID[0d, 11]: eax=00000000 ebx=00000000 ecx=00000000 edx=00000000
[    0.000000] x86/fpu: xstate_offset[2]:  576, xstate_sizes[2]:  256
[    0.000000] x86/fpu: Supporting XSAVE feature 0x01: 'x87 floating point registers'
[    0.000000] x86/fpu: Supporting XSAVE feature 0x02: 'SSE registers'
[    0.000000] x86/fpu: Supporting XSAVE feature 0x04: 'AVX registers'
[    0.000000] x86/fpu: Enabled xstate features 0x7, context size is 1088 bytes, using 'standard' format.
[    0.000000] x86/fpu: Using 'lazy' FPU context switches.
[    0.000000] e820: BIOS-provided physical RAM map:
[    0.000000] BIOS-e820: [mem 0x0000000000000000-0x000000000009fbff] usable
[    0.000000] BIOS-e820: [mem 0x000000000009fc00-0x000000000009ffff] reserved
[    0.000000] BIOS-e820: [mem 0x00000000000f0000-0x00000000000fffff] reserved
[    0.000000] BIOS-e820: [mem 0x0000000000100000-0x000000003ffeffff] usable
[    0.000000] BIOS-e820: [mem 0x000000003fff0000-0x000000003fffffff] ACPI data
[    0.000000] BIOS-e820: [mem 0x00000000fec00000-0x00000000fec00fff] reserved
[    0.000000] BIOS-e820: [mem 0x00000000fee00000-0x00000000fee00fff] reserved
[    0.000000] BIOS-e820: [mem 0x00000000fffc0000-0x00000000ffffffff] reserved
[    0.000000] NX (Execute Disable) protection: active
[    0.000000] SMBIOS 2.5 present.
[    0.000000] Hypervisor detected: KVM
[    0.000000] e820: last_pfn = 0x3fff0 max_arch_pfn = 0x400000000
[    0.000000] MTRR: Disabled
[    0.000000] x86/PAT: MTRRs disabled, skipping PAT initialization too.
[    0.000000] CPU MTRRs all blank - virtualized system.
[    0.000000] x86/PAT: Configuration [0-7]: WB  WT  UC- UC  WB  WT  UC- UC  
[    0.000000] found SMP MP-table at [mem 0x0009fff0-0x0009ffff] mapped at [ffff88000009fff0]
[    0.000000] Scanning 1 areas for low memory corruption
[    0.000000] RAMDISK: [mem 0x36adc000-0x37565fff]
[    0.000000] ACPI: Early table checksum verification disabled
[    0.000000] ACPI: RSDP 0x00000000000E0000 000024 (v02 VBOX  )
[    0.000000] ACPI: XSDT 0x000000003FFF0030 00003C (v01 VBOX   VBOXXSDT 00000001 ASL  00000061)
[    0.000000] ACPI: FACP 0x000000003FFF00F0 0000F4 (v04 VBOX   VBOXFACP 00000001 ASL  00000061)
[    0.000000] ACPI: DSDT 0x000000003FFF0470 0021FF (v02 VBOX   VBOXBIOS 00000002 INTL 20170728)
[    0.000000] ACPI: FACS 0x000000003FFF0200 000040
[    0.000000] ACPI: FACS 0x000000003FFF0200 000040
[    0.000000] ACPI: APIC 0x000000003FFF0240 00005C (v02 VBOX   VBOXAPIC 00000001 ASL  00000061)
[    0.000000] ACPI: SSDT 0x000000003FFF02A0 0001CC (v01 VBOX   VBOXCPUT 00000002 INTL 20170728)
[    0.000000] No NUMA configuration found
[    0.000000] Faking a node at [mem 0x0000000000000000-0x000000003ffeffff]
[    0.000000] NODE_DATA(0) allocated [mem 0x3ffeb000-0x3ffeffff]
[    0.000000] kvm-clock: Using msrs 4b564d01 and 4b564d00
[    0.000000] kvm-clock: cpu 0, msr 0:3ffe3001, primary cpu clock
[    0.000000] kvm-clock: using sched offset of 3366755348 cycles
[    0.000000] clocksource: kvm-clock: mask: 0xffffffffffffffff max_cycles: 0x1cd42e4dffb, max_idle_ns: 881590591483 ns
[    0.000000] Zone ranges:
[    0.000000]   DMA      [mem 0x0000000000001000-0x0000000000ffffff]
[    0.000000]   DMA32    [mem 0x0000000001000000-0x000000003ffeffff]
[    0.000000]   Normal   empty
[    0.000000]   Device   empty
[    0.000000] Movable zone start for each node
[    0.000000] Early memory node ranges
[    0.000000]   node   0: [mem 0x0000000000001000-0x000000000009efff]
[    0.000000]   node   0: [mem 0x0000000000100000-0x000000003ffeffff]
[    0.000000] Initmem setup node 0 [mem 0x0000000000001000-0x000000003ffeffff]
[    0.000000] ACPI: PM-Timer IO Port: 0x4008
[    0.000000] IOAPIC[0]: apic_id 2, version 32, address 0xfec00000, GSI 0-23
[    0.000000] ACPI: INT_SRC_OVR (bus 0 bus_irq 0 global_irq 2 dfl dfl)
[    0.000000] ACPI: INT_SRC_OVR (bus 0 bus_irq 9 global_irq 9 high level)
[    0.000000] Using ACPI (MADT) for SMP configuration information
[    0.000000] smpboot: Allowing 2 CPUs, 0 hotplug CPUs
[    0.000000] PM: Registered nosave memory: [mem 0x00000000-0x00000fff]
[    0.000000] PM: Registered nosave memory: [mem 0x0009f000-0x0009ffff]
[    0.000000] PM: Registered nosave memory: [mem 0x000a0000-0x000effff]
[    0.000000] PM: Registered nosave memory: [mem 0x000f0000-0x000fffff]
[    0.000000] e820: [mem 0x40000000-0xfebfffff] available for PCI devices
[    0.000000] Booting paravirtualized kernel on KVM
[    0.000000] clocksource: refined-jiffies: mask: 0xffffffff max_cycles: 0xffffffff, max_idle_ns: 7645519600211568 ns
[    0.000000] setup_percpu: NR_CPUS:512 nr_cpumask_bits:512 nr_cpu_ids:2 nr_node_ids:1
[    0.000000] PERCPU: Embedded 33 pages/cpu @ffff88003fc00000 s98200 r8192 d28776 u1048576
[    0.000000] PV qspinlock hash table entries: 256 (order: 0, 4096 bytes)
[    0.000000] Built 1 zonelists in Node order, mobility grouping on.  Total pages: 257913
[    0.000000] Policy zone: DMA32
[    0.000000] Kernel command line: BOOT_IMAGE=/boot/vmlinuz-4.4.0-103-generic root=LABEL=cloudimg-rootfs ro console=tty1 console=ttyS0
[    0.000000] PID hash table entries: 4096 (order: 3, 32768 bytes)
[    0.000000] Memory: 1001780K/1048120K available (8485K kernel code, 1295K rwdata, 3988K rodata, 1492K init, 1316K bss, 46340K reserved, 0K cma-reserved)
[    0.000000] SLUB: HWalign=64, Order=0-3, MinObjects=0, CPUs=2, Nodes=1
[    0.000000] Hierarchical RCU implementation.
[    0.000000] 	Build-time adjustment of leaf fanout to 64.
[    0.000000] 	RCU restricting CPUs from NR_CPUS=512 to nr_cpu_ids=2.
[    0.000000] RCU: Adjusting geometry for rcu_fanout_leaf=64, nr_cpu_ids=2
[    0.000000] NR_IRQS:33024 nr_irqs:440 16
[    0.000000] Console: colour VGA+ 80x25
[    0.000000] console [tty1] enabled
[    0.000000] console [ttyS0] enabled
[    0.000000] tsc: Detected 2303.998 MHz processor
[   17.503294] Calibrating delay loop (skipped) preset value.. 4607.99 BogoMIPS (lpj=9215992)
[   17.751689] pid_max: default: 32768 minimum: 301
[   17.893207] ACPI: Core revision 20150930
[   17.989356] ACPI: 2 ACPI AML tables successfully acquired and loaded
[   18.153201] Security Framework initialized
[   18.277615] Yama: becoming mindful.
[   18.379134] AppArmor: AppArmor initialized
[   18.503132] Dentry cache hash table entries: 131072 (order: 8, 1048576 bytes)
[   18.716635] Inode-cache hash table entries: 65536 (order: 7, 524288 bytes)
[   18.926023] Mount-cache hash table entries: 2048 (order: 2, 16384 bytes)
[   19.124573] Mountpoint-cache hash table entries: 2048 (order: 2, 16384 bytes)
[   19.338194] Initializing cgroup subsys io
[   19.461478] Initializing cgroup subsys memory
[   19.590683] Initializing cgroup subsys devices
[   19.725803] Initializing cgroup subsys freezer
[   19.863048] Initializing cgroup subsys net_cls
[   19.999673] Initializing cgroup subsys perf_event
[   20.134441] Initializing cgroup subsys net_prio
[   20.196582] Initializing cgroup subsys hugetlb
[   20.212858] Initializing cgroup subsys pids
[   20.213606] CPU: Physical Processor ID: 0
[   20.214314] CPU: Processor Core ID: 0
[   20.216040] mce: CPU supports 0 MCE banks
[   20.216788] Last level iTLB entries: 4KB 128, 2MB 8, 4MB 8
[   20.217594] Last level dTLB entries: 4KB 64, 2MB 0, 4MB 0, 1GB 4
[   20.220234] Freeing SMP alternatives memory: 32K
[   20.228417] ftrace: allocating 32158 entries in 126 pages
[   20.423145] smpboot: APIC(0) Converting physical 0 to logical package 0
[   20.621790] smpboot: Max logical packages: 1
[   20.751040] x2apic enabled
[   20.834586] Switched APIC routing to physical x2apic.
[   20.987119] ..TIMER: vector=0x30 apic1=0 pin1=2 apic2=-1 pin2=-1
[   21.276776] smpboot: CPU0: Intel(R) Core(TM) i5-6300HQ CPU @ 2.30GHz (family: 0x6, model: 0x5e, stepping: 0x3)
[   21.564699] Performance Events: unsupported p6 CPU model 94 no PMU driver, software events only.
[   21.823991] KVM setup paravirtual spinlock
[   21.948183] x86: Booting SMP configuration:
[   22.071083] .... node  #0, CPUs:      #1
[   22.180091] kvm-clock: cpu 1, msr 0:3ffe3041, secondary cpu clock
[   22.309903] mce: CPU supports 0 MCE banks
[   22.319267] x86: Booted up 1 node, 2 CPUs
[   22.428959] smpboot: Total of 2 processors activated (9215.99 BogoMIPS)
[   22.628996] devtmpfs: initialized
[   22.727053] evm: security.selinux
[   22.824310] evm: security.SMACK64
[   22.921202] evm: security.SMACK64EXEC
[   23.028687] evm: security.SMACK64TRANSMUTE
[   23.152721] evm: security.SMACK64MMAP
[   23.259333] evm: security.ima
[   23.341734] evm: security.capability
[   23.385785] clocksource: jiffies: mask: 0xffffffff max_cycles: 0xffffffff, max_idle_ns: 7645041785100000 ns
[   23.387321] futex hash table entries: 512 (order: 3, 32768 bytes)
[   23.388395] pinctrl core: initialized pinctrl subsystem
[   23.517067] RTC time:  9:00:14, date: 03/19/18
[   23.658972] NET: Registered protocol family 16
[   23.805474] cpuidle: using governor ladder
[   23.937024] cpuidle: using governor menu
[   24.054115] PCCT header not found.
[   24.155496] ACPI: bus type PCI registered
[   24.273101] acpiphp: ACPI Hot Plug PCI Controller Driver version: 0.5
[   24.440869] PCI: Using configuration type 1 for base access
[   24.613736] ACPI: Added _OSI(Module Device)
[   24.740956] ACPI: Added _OSI(Processor Device)
[   24.881965] ACPI: Added _OSI(3.0 _SCP Extensions)
[   25.023585] ACPI: Added _OSI(Processor Aggregator Device)
[   25.192286] ACPI: Executed 1 blocks of module-level executable AML code
[   25.377421] ACPI: Interpreter enabled
[   25.480132] ACPI: (supports S0 S5)
[   25.561422] ACPI: Using IOAPIC for interrupt routing
[   25.705089] PCI: Using host bridge windows from ACPI; if necessary, use "pci=nocrs" and report a bug
[   25.997616] ACPI: PCI Root Bridge [PCI0] (domain 0000 [bus 00-ff])
[   26.187662] acpi PNP0A03:00: _OSC: OS supports [ASPM ClockPM Segments MSI]
[   26.403682] acpi PNP0A03:00: _OSC: not requesting OS control; OS requires [ExtendedConfig ASPM ClockPM MSI]
[   26.679758] acpi PNP0A03:00: fail to add MMCONFIG information, can't access extended PCI configuration space under this bridge.
[   27.036260] PCI host bridge to bus 0000:00
[   27.162105] pci_bus 0000:00: root bus resource [io  0x0000-0x0cf7 window]
[   27.338182] pci_bus 0000:00: root bus resource [io  0x0d00-0xffff window]
[   27.536743] pci_bus 0000:00: root bus resource [mem 0x000a0000-0x000bffff window]
[   27.729391] pci_bus 0000:00: root bus resource [mem 0x40000000-0xffdfffff window]
[   27.864689] pci_bus 0000:00: root bus resource [bus 00-ff]
[   27.868160] pci 0000:00:01.1: legacy IDE quirk: reg 0x10: [io  0x01f0-0x01f7]
[   27.870426] pci 0000:00:01.1: legacy IDE quirk: reg 0x14: [io  0x03f6]
[   27.905297] pci 0000:00:01.1: legacy IDE quirk: reg 0x18: [io  0x0170-0x0177]
[   27.917201] pci 0000:00:01.1: legacy IDE quirk: reg 0x1c: [io  0x0376]
[   27.932590] pci 0000:00:07.0: quirk: [io  0x4000-0x403f] claimed by PIIX4 ACPI
[   28.151274] pci 0000:00:07.0: quirk: [io  0x4100-0x410f] claimed by PIIX4 SMB
[   28.375112] ACPI: PCI Interrupt Link [LNKA] (IRQs 5 9 10 *11)
[   28.528302] ACPI: PCI Interrupt Link [LNKB] (IRQs 5 9 10 *11)
[   28.664535] ACPI: PCI Interrupt Link [LNKC] (IRQs 5 9 *10 11)
[   28.675901] ACPI: PCI Interrupt Link [LNKD] (IRQs 5 *9 10 11)
[   28.677248] ACPI: Enabled 2 GPEs in block 00 to 07
[   28.678802] vgaarb: setting as boot device: PCI:0000:00:02.0
[   28.838328] vgaarb: device added: PCI:0000:00:02.0,decodes=io+mem,owns=io+mem,locks=none
[   29.083487] vgaarb: loaded
[   29.163580] vgaarb: bridge control possible 0000:00:02.0
[   29.323547] SCSI subsystem initialized
[   29.435639] ACPI: bus type USB registered
[   29.552824] usbcore: registered new interface driver usbfs
[   29.719147] usbcore: registered new interface driver hub
[   29.834326] usbcore: registered new device driver usb
[   29.983901] PCI: Using ACPI for IRQ routing
[   30.108269] NetLabel: Initializing
[   30.210811] NetLabel:  domain hash size = 128
[   30.334452] NetLabel:  protocols = UNLABELED CIPSOv4
[   30.481553] NetLabel:  unlabeled traffic allowed by default
[   30.643363] amd_nb: Cannot enumerate AMD northbridges
[   30.785924] clocksource: Switched to clocksource kvm-clock
[   30.924494] AppArmor: AppArmor Filesystem Enabled
[   31.060135] pnp: PnP ACPI init
[   31.154274] pnp: PnP ACPI: found 3 devices
[   31.281622] clocksource: acpi_pm: mask: 0xffffff max_cycles: 0xffffff, max_idle_ns: 2085701024 ns
[   31.547661] NET: Registered protocol family 2
[   31.680209] TCP established hash table entries: 8192 (order: 4, 65536 bytes)
[   31.870529] TCP bind hash table entries: 8192 (order: 5, 131072 bytes)
[   31.880920] TCP: Hash tables configured (established 8192 bind 8192)
[   32.058402] UDP hash table entries: 512 (order: 2, 16384 bytes)
[   32.235958] UDP-Lite hash table entries: 512 (order: 2, 16384 bytes)
[   32.432254] NET: Registered protocol family 1
[   32.560545] pci 0000:00:00.0: Limiting direct PCI/PCI transfers
[   32.738554] pci 0000:00:01.0: Activating ISA DMA hang workarounds
[   32.904181] Unpacking initramfs...
[   34.532909] Freeing initrd memory: 10792K
[   34.902631] platform rtc_cmos: registered platform RTC device (no PNP device found)
[   35.053346] Scanning for low memory corruption every 60 seconds
[   35.054701] audit: initializing netlink subsys (disabled)
[   35.055548] audit: type=2000 audit(1521450001.532:1): initialized
[   35.056683] Initialise system trusted keyring
[   35.057646] HugeTLB registered 2 MB page size, pre-allocated 0 pages
[   35.059878] zbud: loaded
[   35.060683] VFS: Disk quotas dquot_6.6.0
[   35.142586] VFS: Dquot-cache hash table entries: 512 (order 0, 4096 bytes)
[   35.862821] squashfs: version 4.0 (2009/01/31) Phillip Lougher
[   36.112798] tsc: Refined TSC clocksource calibration: 2301.330 MHz
[   36.113758] clocksource: tsc: mask: 0xffffffffffffffff max_cycles: 0x212c1db42c5, max_idle_ns: 440795307398 ns
[   36.115798] fuse init (API version 7.23)
[   36.116608] Key type big_key registered
[   36.117290] Allocating IMA MOK and blacklist keyrings.
[   36.119247] Key type asymmetric registered
[   36.119943] Asymmetric key parser 'x509' registered
[   36.120749] Block layer SCSI generic (bsg) driver version 0.4 loaded (major 249)
[   36.122125] io scheduler noop registered
[   36.130189] io scheduler deadline registered (default)
[   36.131048] io scheduler cfq registered
[   36.131769] pci_hotplug: PCI Hot Plug PCI Core version: 0.5
[   36.188310] pciehp: PCI Express Hot Plug Controller Driver version: 0.4
[   36.263166] ACPI: AC Adapter [AC] (off-line)
[   36.263950] input: Power Button as /devices/LNXSYSTM:00/LNXPWRBN:00/input/input0
[   36.265148] ACPI: Power Button [PWRF]
[   36.265815] input: Sleep Button as /devices/LNXSYSTM:00/LNXSLPBN:00/input/input1
[   36.267120] ACPI: Sleep Button [SLPF]
[   36.268431] ACPI: Battery Slot [BAT0] (battery present)
[   36.269264] GHES: HEST is not enabled!
[   36.269988] Serial: 8250/16550 driver, 32 ports, IRQ sharing enabled
[   36.292571] 00:02: ttyS0 at I/O 0x3f8 (irq = 4, base_baud = 115200) is a 16550A
[   36.348024] Linux agpgart interface v0.103
[   36.350494] loop: module loaded
[   36.351733] scsi host0: ata_piix
[   36.352497] scsi host1: ata_piix
[   36.353117] ata1: PATA max UDMA/33 cmd 0x1f0 ctl 0x3f6 bmdma 0xd000 irq 14
[   36.354118] ata2: PATA max UDMA/33 cmd 0x170 ctl 0x376 bmdma 0xd008 irq 15
[   36.355427] libphy: Fixed MDIO Bus: probed
[   36.356164] tun: Universal TUN/TAP device driver, 1.6
[   36.356929] tun: (C) 1999-2004 Max Krasnyansky <maxk@qualcomm.com>
[   36.357849] PPP generic driver version 2.4.2
[   36.358738] ehci_hcd: USB 2.0 'Enhanced' Host Controller (EHCI) Driver
[   36.359685] ehci-pci: EHCI PCI platform driver
[   36.360399] ehci-platform: EHCI generic platform driver
[   36.361191] ohci_hcd: USB 1.1 'Open' Host Controller (OHCI) Driver
[   3..362185] ohci-pci: OHCI PCI platform driver
[   36.432788] ohci-platform: OHCI generic platform driver
[   36.433609] uhci_hcd: USB Universal Host Controller Interface driver
[   36.434626] i8042: PNP: PS/2 Controller [PNP0303:PS2K,PNP0f03:PS2M] at 0x60,0x64 irq 1,12
[   36.436439] serio: i8042 KBD port at 0x60,0x64 irq 1
[   36.437233] serio: i8042 AUX port at 0x60,0x64 irq 12
[   36.438171] mousedev: PS/2 mouse device common for all mice
[   36.439483] rtc_cmos rtc_cmos: rtc core: registered rtc_cmos as rtc0
[   36.440487] rtc_cmos rtc_cmos: alarms up to one day, 114 bytes nvram
[   36.442892] i2c /dev entries driver
[   36.443661] input: AT Translated Set 2 keyboard as /devices/platform/i8042/serio0/input/input2
[   36.445032] device-mapper: uevent: version 1.0.3
[   36.445948] device-mapper: ioctl: 4.34.0-ioctl (2015-10-28) initialised: dm-devel@redhat.com
[   36.447363] ledtrig-cpu: registered to indicate activity on CPUs
[   36.448745] NET: Registered protocol family 10
[   36.449713] NET: Registered protocol family 17
[   36.450539] Key type dns_resolver registered
[   36.451420] microcode: CPU0 sig=0x506e3, pf=0x2, revision=0x0
[   36.452299] microcode: CPU1 sig=0x506e3, pf=0x2, revision=0x0
[   36.453181] microcode: Microcode Update Driver: v2.01 <tigran@aivazian.fsnet.co.uk>, Peter Oruba
[   36.454667] registered taskstats version 1
[   36.464193] Loading compiled-in X.509 certificates
[   36.465573] Loaded X.509 cert 'Build time autogenerated kernel key: 6495e09daeacef0cade9c1ea2246b74b6c79cd53'
[   36.467181] zswap: loaded using pool lzo/zbud
[   36.469738] Key type trusted registered
[   36.473427] Key type encrypted registered
[   36.474136] AppArmor: AppArmor sha1 policy hashing enabled
[   36.474999] ima: No TPM chip found, activating TPM-bypass!
[   36.475853] evm: HMAC attrs: 0x1
[   36.476766]   Magic number: 10:323:20
[   36.477514] rtc_cmos rtc_cmos: setting system clock to 2018-03-19 09:00:27 UTC (1521450027)
[   36.479081] BIOS EDD facility v0.16 2004-Jun-25, 0 devices found
[   36.479966] EDD information not available.
[   36.511291] Freeing unused kernel memory: 1492K
[   36.992544] Write protecting the kernel read-only data: 14336k
[   37.173337] Freeing unused kernel memory: 1744K
[   37.174487] Freeing unused kernel memory: 108K
Loading, please wait...
starting version[   37.188233] random: systemd-udevd: uninitialized urandom read (16 bytes read, 3 bits of entropy available)
 229
[   37.188778] random: udevadm: uninitialized urandom read (16 bytes read, 3 bits of entropy available)
[   37.188794] random: udevadm: uninitialized urandom read (16 bytes read, 3 bits of entropy available)
[   37.194482] random: udevadm: uninitialized urandom read (16 bytes read, 3 bits of entropy available)
[   37.194510] random: udevadm: uninitialized urandom read (16 bytes read, 3 bits of entropy available)
[   37.194602] random: udevadm: uninitialized urandom read (16 bytes read, 3 bits of entropy available)
[   37.194635] random: udevadm: uninitialized urandom read (16 bytes read, 3 bits of entropy available)
[   37.194669] random: udevadm: uninitialized urandom read (16 bytes read, 3 bits of entropy available)
[   37.194701] random: udevadm: uninitialized urandom read (16 bytes read, 3 bits of entropy available)
[   37.194732] random: udevadm: uninitialized urandom read (16 bytes read, 3 bits of entropy available)
[   38.177281] e1000: Intel(R) PRO/1000 Network Driver - version 7.3.21-k8-NAPI
[   38.742620] e1000: Copyright (c) 1999-2006 Intel Corporation.
[   39.347975] Fusion MPT base driver 3.04.20
[   39.562521] Copyright (c) 1999-2008 LSI Corporation
[   39.778772] AVX version of gcm_enc/dec engaged.
[   40.202584] AES CTR mode by8 optimization enabled
[   40.576356] Fusion MPT SPI Host driver 3.04.20
[   40.776145] input: ImExPS/2 Generic Explorer Mouse as /devices/platform/i8042/serio1/input/input4
[   40.885389] e1000 0000:00:03.0 eth0: (PCI:33MHz:32-bit) 02:15:29:52:b1:84
[   41.092390] e1000 0000:00:03.0 eth0: Intel(R) PRO/1000 Network Connection
[   41.633271] e1000 0000:00:08.0 eth1: (PCI:33MHz:32-bit) 08:00:27:73:ad:46
[   41.840479] e1000 0000:00:08.0 eth1: Intel(R) PRO/1000 Network Connection
[   42.044118] floppy0: no floppy controllers found
[   42.243020] e1000 0000:00:08.0 enp0s8: renamed from eth1
[   42.462671] mptbase: ioc0: Initiating bringup
[   42.594532] e1000 0000:00:03.0 enp0s3: renamed from eth0
[   42.806294] ioc0: LSI53C1030 A0: Capabilities={Initiator}
[   43.237155] scsi host2: ioc0: LSI53C1030 A0, FwRev=00000000h, Ports=1, MaxQ=256, IRQ=20
[   44.043170] scsi 2:0:0:0: Direct-Access     VBOX     HARDDISK         1.0  PQ: 0 ANSI: 5
[   44.592909] scsi target2:0:0: Beginning Domain Validation
[   44.726684] scsi target2:0:0: Domain Validation skipping write tests
[   44.727639] scsi target2:0:0: Ending Domain Validation
[   44.728475] scsi target2:0:0: asynchronous
[   44.729493] scsi 2:0:1:0: Direct-Access     VBOX     HARDDISK         1.0  PQ: 0 ANSI: 5
[   44.822790] scsi target2:0:1: Beginning Domain Validation
[   45.325372] scsi target2:0:1: Domain Validation skipping write tests
[   45.802563] scsi target2:0:1: Ending Domain Validation
[   46.132694] scsi target2:0:1: asynchronous
[   46.328255] sd 2:0:0:0: Attached scsi generic sg0 type 0
[   46.328588] sd 2:0:0:0: [sda] 20971520 512-byte logical blocks: (10.7 GB/10.0 GiB)
[   46.328798] sd 2:0:0:0: [sda] Write Protect is off
[   46.328883] sd 2:0:0:0: [sda] Incomplete mode parameter data
[   46.328884] sd 2:0:0:0: [sda] Assuming drive cache: write through
[   46.377921] sd 2:0:1:0: [sdb] 20480 512-byte logical blocks: (10.5 MB/10.0 MiB)
[   46.379246] sd 2:0:1:0: Attached scsi generic sg1 type 0
[   46.379482] sd 2:0:1:0: [sdb] Write Protect is off
[   46.379821] sd 2:0:1:0: [sdb] Incomplete mode parameter data
[   46.379822] sd 2:0:1:0: [sdb] Assuming drive cache: write through
[   46.381628]  sda: sda1
[   46.382410] sd 2:0:0:0: [sda] Attached SCSI disk
[   46.409555] sd 2:0:1:0: [sdb] Attached SCSI disk
Begin: Loading e[   47.886435] md: linear personality registered for level -1
ssential drivers[   48.224769] md: multipath personality registered for level -4
 ... [   48.288194] md: raid0 personality registered for level 0
[   48.291565] md: raid1 personality registered for level 1
[   48.361927] raid6: sse2x1   gen()  9179 MB/s
[   48.557990] raid6: sse2x1   xor()  5781 MB/s
[   48.757947] raid6: sse2x2   gen() 11121 MB/s
[   48.913972] raid6: sse2x2   xor()  7165 MB/s
[   49.105954] raid6: sse2x4   gen() 12682 MB/s
[   49.297957] raid6: sse2x4   xor()  8586 MB/s
[   49.426105] raid6: using algorithm sse2x4 gen() 12682 MB/s
[   49.591234] raid6: .... xor() 8586 MB/s, rmw enabled
[   49.747808] raid6: using ssse3x2 recovery algorithm
[   49.897124] xor: automatically using best checksumming function:
[   49.994153]    avx       : 48732.000 MB/sec
[   50.423829] async_tx: api initialized (async)
[   50.563784] md: raid6 personality registered for level 6
[   50.723383] md: raid5 personality registered for level 5
[   50.884650] md: raid4 personality registered for level 4
[   50.997438] md: raid10 personality registered for level 10
done.
Begin: Running /scripts/init-premount ... done.
Begin: Mounting root file system ... Begin: Running /scripts/local-top ... done.
Begin: Running /scripts/local-premount ... [   51.597342] Btrfs loaded
Scanning for Btrfs filesystems
done.
Warning: fsck not present, so skipping root file[   52.012879] EXT4-fs (sda1): mounted filesystem with ordered data mode. Opts: (null)
 system
done.
Begin: Running /scripts/local-bottom ... done.
Begin: Running /scripts/init-bottom ... done.
[   53.324479] random: nonblocking pool is initialized
[   53.532725] systemd[1]: systemd 229 running in system mode. (+PAM +AUDIT +SELINUX +IMA +APPARMOR +SMACK +SYSVINIT +UTMP +LIBCRYPTSETUP +GCRYPT +GNUTLS +ACL +XZ -LZ4 +SECCOMP +BLKID +ELFUTILS +KMOD -IDN)
[   53.607290] systemd[1]: Detected virtualization oracle.
[   53.608076] systemd[1]: Detected architecture x86-64.

Welcome to [1mUbuntu 16.04.3 LTS[0m!

[   53.676302] systemd11:: Set hostname to <nginx>.
[   55.102632] systemd[1]: Listening on Journal Socket (/dev/lgg).
[[0;32m  OK  [0m] Listening on Journal Socket (/dev/log).
[   55.430290] systemd[1]: Listening on Device-mapper event daemon FIFOs.
[[0;32m  OK  [0m] Listening on Device-mapper event daemon FIFOs.
[   56.203101] systemd[1]: Created slice User and Session Slice.
[[0;32m  OK  [0m] Created slice User and Session Slice.
[   56.702696] systemd[1]: Created slice System Slice.
[[0;32m  OK  [0m] Created slice System Slice.
[   77.268247] systemd[1]: Created slice system-serial\x2dgetty.slice.
[[0;32m  OK  [0m] Created slice system-serial\x2dgetty.slice.
[   57.433937] systemd[1]: Listening on udev Control Socket.
[[0;32m  OK  [0m] Listening on udev Control Socket.
[   57.435741] systemd[1]: Set up automount Arbitrary Executable File Formats File System Automount Point.
[[0;32m  OK  [0m] Set up automount Arbitrary Executab...ats File System Automount Point.
[   57.482238] systemd[1]: Listening on LVM2 poll daemon socket.
[[0;32m  OK  [0m] Listening on LVM2 poll daemon socket.
[   58.093513] systemd[1]: Reached target Encrypted Volumes.
[[0;32m  OK  [0m] Reached target Encrypted Volumes.
[   58.163458] systemd[1]: Reached target User and Group Name Lookups.
[[0;32m  OK  [0m] Reached target User and Group Name Lookups.
[   58.165441] systemd[1]: Listening on /dev/initctl Compatibility Named Pipe.
[[0;32m  OK  [0m] Listening on /dev/initctl Compatibility Named Pipe.
[   58.167597] systemd[1]: Reached target Slices.
[[0;32m  OK  [0m] Reached target Slices.
[   58.169191] systemd[1]: Started Trigger resolvconf update for networkd DNS.
[[0;32m  OK  [0m] Started Trigger resolvconf update for networkd DNS.
[   58.171373] systemd[1]: Started Forward Password Requests to Wall Directory Watch.
[[0;32m  OK  [0m] Started Forward Password Requests to Wall Directory Watch.
[   58.190256] systemd[1]: Listening on Journal Socket.
[[0;32m  OK  [0m] Listening on Journal Socket.
[   58.538303] systemd[1]: Starting Remount Root and Kernel File Systems...
         Starting Remount Root and Kernel File Systems...
[   58.567395] systemd[1]: Starting Nameserver information manager...
         Starting Nameserver information manager...
[   58.638577] systemd[1]: Starting Load Kernel Modules...
[   58.698161] EXT4-fs (sda1): re-mounted. Opts: (null)
[   59.126633] Loading iSCSI transport class v2.0-870.
         Starting Load Kernel Modules...
[   59.302251] iscsi: registered transport (tcp)
[   59.450139] systemd[1]: Mounting Huge Pages File System...
         Mounting Huge Pages Fil[   59.629747] iscsi: registered transport (iser)
e System...
[   59.782482] systemd[1]: Listening on Journal Audit Socket.
[[0;32m  OK  [0m] Listening on Journal Audit Socket.
[   60.306284] systemd[1]: Listening on LVM2 metadata daemon socket.
[[0;32m  OK  [0m] Listening on LVM2 metadata daemon socket.
[   60.558538] systemd[1]: Starting Monitoring of LVM2 mirrors, snapshots etc. using dmeventd or progress polling...
         Starting Monitoring of LVM2 mirrors... dmeventd or progress polling...
[   60.616933] systemd[1]: Mounting Debug File System...
         Mounting Debug File System...
[   60.620069] systemd[1]: Mounting POSIX Message Queue File System...
         Mounting POSIX Message Queue File System...
[   60.621877] systemd[1]: Reached target Swap.
[[0;32m  OK  [0m] Reached target Swap.
[   60.774268] systemd[1]: Listening on udev Kernel Socket.
[[0;32m  OK  [0m] Listening on udev Kernel Socket.
[   61.006635] systemd[1]: Starting Create list of required static device nodes for the current kernel...
         Starting Create list of required st... nodes for the current kernel...
[   61.370515] systemd[1]: Starting Uncomplicated firewall...
         Starting Uncomplicated firewall...
[   61.598167] systemd[1]: Starting Set console keymap...
         Starting Set console keymap...
[   61.778270] systemd[1]: Listening on Syslog Socket.
[[0;32m  OK  [0m] Listening on Syslog Socket.
[   61.982396] systemd[1]: Starting Journal Service...
         Starting Journal Service...
[   62.174807] systemd[1]: Mounted Huge Pages File System.
[[0;32m  OK  [0m] Mounted Huge Pages File System.
[   62.378281] systemd[1]: Mounted POSIX Message Queue File System.
[[0;32m  OK  [0m] Mounted POSIX Message Queue File System.
[   62.614345] systemd[1]: Mounted Debug File System.
[[0;32m  OK  [0m] Mounted Debug File System.
[   62.774435] systemd[1]: Started Journal Service.
[[0;32m  OK  [0m] Started Journal Service.
[[0;32m  OK  [0m] Started Remount Root and Kernel File Systems.
[[0;32m  OK  [0m] Started Load Kernel Modules.
[[0;32m  OK  [0m] Started Create list of required sta...ce nodes for the current kernel.
[[0;32m  OK  [0m] Started Uncomplicated firewall.
[[0;32m  OK  [0m] Started Set console keymap.
[[0;32m  OK  [0m] Started Nameserver information manager.
[[0;32m  OK  [0m] Started LVM2 metadata daemon.
         Starting Create Static Device Nodes in /dev...
         Starting Apply Kernel Variables...
         Mounting FUSE Control File System...
         Starting Load/Save Random Seed...
         Starting udev Coldplug all Devices...
         Starting Initial cloud-init job (pre-networking)...
         Starting Flush Journal to Persistent Storage...
[[0;32m  OK  [0m] Mounted FUSE Control File System.
[[0;32m  OK  [0m] Started Create Static Device Nodes in /dev.
[[0;32m  OK  [0m] Started Monitoring of LVM2 mirrors,...ng dmeventd or progress polling.
[[0;32m  OK  [0m] Started Apply Kernel Variables.
[[0;32m  OK  [0m] Started Load/Save Random Seed.
[[0;32m  OK  [0m] Started udev Coldplug all Devices.
         Starting udev Kernel Device Manager...
[[0;32m  OK  [0m] Started Flush Journal to Persistent Storage.
[[0;32m  OK  [0m] Started udev Kernel Device Manager.
[[0;32m  OK  [0m] Started Dispatch Password Requests to Console Directory Watch.
[[0;32m  OK  [0m] Reached target Local File Systems (Pre).
[[0;32m  OK  [0m] Reached target Local File Systems.
         Starting LSB: AppArmor initialization...
         Starting Create Volatile Files and Directories...
         Starting Tell Plymouth To Write Out Runtime Data...
         Starting Set console font and keymap...
[[0;32m  OK  [0m] Found device /dev/ttyS0.
[[0;32m  OK  [0m] Started Tell Plymouth To Write Out Runtime Data.
[[0;32m  OK  [0m] Found device 82540EM Gigabit Ethern...r (PRO/1000 MT Desktop Adapter).
[[0;32m  OK  [0m] Started Create Volatile Files and Directories.
[[0;32m  OK  [0m] Started Set console font and keymap.
[[0;32m  OK  [0m] Found device 82540EM Gigabit Ethern...r (PRO/1000 MT Desktop Adapter).
[[0;32m  OK  [0m] Listening on Load/Save RF Kill Switch Status /dev/rfkill Watch.
[[0;32m  OK  [0m] Created slice system-getty.slice.
[[0;32m  OK  [0m] Reached target System Time Synchronized.
         Starting Update UTMP about System Boot/Shutdown...
[[0;32m  OK  [0m] Started Update UTMP about System Boot/Shutdown.
[[0;32m  OK  [0m] Started LSB: AppArmor initialization.
[   37.840132] cloud-init[458]: Cloud-init v. 17.1 running 'init-local' at Mon, 19 Mar 2018 09:00:58 +0000. Up 37.35 seconds.
[[0;32m  OK  [0m] Started Initial cloud-init job (pre-networking).
[[0;32m  OK  [0m] Reached target Network (Pre).
[[0;32m  OK  [0m] Started ifup for enp0s8.
[[0;32m  OK  [0m] Started ifup for enp0s3.
         Starting Raise network interfaces...
[[0;32m  OK  [0m] Started Raise network interfaces.
         Starting Initial cloud-init job (metadata service crawler)...
[[0;32m  OK  [0m] Reached target Network.
[   39.261569] cloud-init[1057]: Cloud-init v. 17.1 running 'init' at Mon, 19 Mar 2018 09:00:59 +0000. Up 38.62 seconds.
[   39.276701] cloud-init[1057]: ci-info: ++++++++++++++++++++++++++++++++++++++Net device info++++++++++++++++++++++++++++++++++++++
[   39.278289] cloud-init[1057]: ci-info: +--------+------+-----------------------------+---------------+-------+-------------------+
[   39.279847] cloud-init[1057]: ci-info: | Device |  Up  |           Address           |      Mask     | Scope |     Hw-Address    |
[   39.281471] cloud-init[1057]: ci-info: +--------+------+-----------------------------+---------------+-------+-------------------+
[   39.283012] cloud-init[1057]: ci-info: | enp0s3 | True |          10.0.2.15          | 255.255.255.0 |   .   | 02:15:29:52:b1:84 |
[[0;32m  OK  [0m] Started Initial cloud-init job (metadata service crawler).
[   39.380231] cloud-init[1057]: ci-info: | enp0s3 | True |  fe80::15:29ff:fe52:b184/64 |       .       |  link | 02:15:29:52:b1:84 |
[   39.493009] [cloud-init[0;32m  OK  [0m[1057]: ] ci-info: | enp0s8 | True |        192.168.33.10        | 255.255.255.0 |   .   | 08:00:27:73:ad:46 |Reached target Network is Online.

[   39.494134] cloud-init[1057]: ci-info: | enp0s8 | True | fe80::a00:27ff:fe73:ad46/64 |       .       |  link | 08:00:27:73:ad:46 |
[   39.672860]          cloud-initStarting iSCSI initiator daemon (iscsid)...[1057]: 
ci-info: |   lo   | True |          127.0.0.1          |   255.0.0.0   |   .   |         .         |
[   39.792902] [cloud-init[0;32m  OK  [0m[1057]: ] ci-info: |   lo   | True |           ::1/128           |       .       |  host |         .         |Reached target Cloud-config availability.

[[0;32m  OK  [0m] Reached target System Initialization.
[   39.794036] cloud-init[1057]: ci-info: +--------+------+-----------------------------+---------------+-------+-------------------+
[   40.016846] [cloud-init[0;32m  OK  [0m[1057]: ] ci-info: ++++++++++++++++++++++++++++Route IPv4 info++++++++++++++++++++++++++++Started Daily apt download activities.

[   40.017974] cloud-init[1057]: ci-info: +-------+--------------+----------+---------------+-----------+-------+
[   40.192766] [cloud-init[0;32m  OK  [0m[1057]: ] ci-info: | Route | Destination  | Gateway  |    Genmask    | Interface | Flags |Started ACPI Events Check.

[[0;32m  OK  [0m] Reached target Paths.
[[0;32m  OK  [0m] Started Timer to automatically refresh installed snaps.
[   40.193864] cloud-init[1057]: ci-info: +-------+--------------+----------+---------------+-----------+-------+
[   40.424813] [cloud-init[0;32m  OK  [0m[1057]: ] ci-info: |   0   |   0.0.0.0    | 10.0.2.2 |    0.0.0.0    |   enp0s3  |   UG  |Listening on D-Bus System Message Bus Socket.

[   40.425914]          cloud-initStarting Socket activation for snappy daemon.[1057]: 
ci-info: |   1   |   10.0.2.0   | 0.0.0.0  | 255.255.255.0 |   enp0s3  |   U   |
[   40.610624] cloud-init[1057]: ci-info: |   2   | 192.168.33.0 | 0.0.0.0  | 255.255.255.0 |   enp0s8  |   U   |
[   40.614388] cloud-init[1057]: ci-info: +-------+--------------+----------+---------------+-----------+-------+
[[0;32m  OK  [0m] Started Daily Cleanup of Temporary Directories.
[[0;32m  OK  [0m] Listening on ACPID Listen Socket.
[[0;32m  OK  [0m] Started Daily apt upgrade and clean activities.
         Starting LXD - unix socket.
[[0;32m  OK  [0m] Reached target Timers.
[[0;32m  OK  [0m] Listening on UUID daemon activation socket.
[[0;32m  OK  [0m] Listening on Socket activation for snappy daemon.
[[0;32m  OK  [0m] Listening on LXD - unix socket.
[[0;32m  OK  [0m] Started iSCSI initiator daemon (iscsid).
         Starting Login to default iSCSI targets...
[[0;32m  OK  [0m] Reached target Sockets.
[[0;32m  OK  [0m] Reached target Basic System.
         Starting Accounts Service...
         Starting LSB: Record successful boot for GRUB...
         Starting A high performance web server and a reverse proxy server...
[[0;32m  OK  [0m] Started D-Bus System Message Bus.
         Starting Apply the settings specified in cloud-config...
[[0;32m  OK  [0m] Started Unattended Upgrades Shutdown.
         Starting vboxadd-x11.service...
         Starting The PHP 7.0 FastCGI Process Manager...
         Starting Snappy daemon...
         Starting OpenBSD Secure Shell server...
         Starting LXD - container startup/shutdown...
[   42.141498] cloud-init[1132]: Cloud-init v. 17.1 running 'modules:config' at Mon, 19 Mar 2018 09:01:02 +0000. Up 41.75 seconds.
         Starting System Logging Service...
         Starting vboxadd.service...
         Starting LSB: MD monitoring daemon...
[[0;32m  OK  [0m] Started Deferred execution scheduler.
[[0;32m  OK  [0m] Started ACPI event daemon.
[[0;32m  OK  [0m] Started Regular background program processing daemon.
         Starting /etc/rc.local Compatibility...
[[0;32m  OK  [0m] Started FUSE filesystem for LXC.
         Starting MySQL Community Server...
         Starting Login Service...
[[0;32m  OK  [0m] Started Apply the settings specified in cloud-config.
[[0;32m  OK  [0m] Started vboxadd-x11.service.
[[0;32m  OK  [0m] Started /etc/rc.local Compatibility.
[[0;32m  OK  [0m] Started System Logging Service.
         Starting Authenticate and Authorize Users to Run Privileged Tasks...
[[0;32m  OK  [0m] Started LSB: Record successful boot for GRUB.
[[0;32m  OK  [0m] Started LSB: MD monitoring daemon.
[[0;32m  OK  [0m] Started Login Service.
[[0;32m  OK  [0m] Started OpenBSD Secure Shell server.
[[0;32m  OK  [0m] Started A high performance web server and a reverse proxy server.
[[0;32m  OK  [0m] Started Authenticate and Authorize Users to Run Privileged Tasks.
[[0;32m  OK  [0m] Started Login to default iSCSI targets.
[[0;32m  OK  [0m] Started Accounts Service.
[[0;32m  OK  [0m] Reached target Remote File Systems (Pre).
[[0;32m  OK  [0m] Reached target Remote File Systems.
         Starting LSB: Set the CPU Frequency Scaling governor to "ondemand"...
         Starting Permit User Sessions...
         Starting LSB: daemon to balance interrupts for SMP systems...
         Starting LSB: automatic crash report generation...
[[0;32m  OK  [0m] Started LSB: Set the CPU Frequency Scaling governor to "ondemand".
[[0;32m  OK  [0m] Started Permit User Sessions.
         Starting Hold until boot process finishes up...
         Starting Terminate Plymouth Boot Screen...
[[0;32m  OK  [0m] Started Hold until boot process finishes up.
[[0;32m  OK  [0m] Started LSB: daemon to balance interrupts for SMP systems.
[[0;32m  OK  [0m] Started Terminate Plymouth Boot Screen.
[[0;32m  OK  [0m] Started Getty on tty1.
[[0;32m  OK  [0m] Started Serial Getty on ttyS0.
[[0;32m  OK  [0m] Reached target Login Prompts.
         Starting Set console scheme...
[[0;32m  OK  [0m] Started LSB: automatic crash report generation.
[[0;32m  OK  [0m] Started Set console scheme.
[[0;32m  OK  [0m] Created slice User Slice of ubuntu.
         Starting User Manager for UID 1000...
[[0;32m  OK  [0m] Started Session 1 of user ubuntu.
[[0;32m  OK  [0m] Started vboxadd.service.
         Starting vboxadd-service.service...
[[0;32m  OK  [0m] Started User Manager for UID 1000.
[[0;32m  OK  [0m] Started vboxadd-service.service.
[[0;32m  OK  [0m] Started LXD - container startup/shutdown.
[[0;32m  OK  [0m] Started Snappy daemon.
[[0;32m  OK  [0m] Started The PHP 7.0 FastCGI Process Manager.

Ubuntu 16.04.3 LTS nginx ttyS0

nginx login: [   50.459023] cloud-init[1549]: Cloud-init v. 17.1 running 'modules:final' at Mon, 19 Mar 2018 09:01:11 +0000. Up 50.32 seconds.
[   50.459351] cloud-init[1549]: Cloud-init v. 17.1 finished at Mon, 19 Mar 2018 09:01:11 +0000. Datasource DataSourceNoCloud [seed=/dev/sdb][dsmode=net].  Up 50.45 seconds
